// Jest Snapshot v1, https://goo.gl/fbAQLP

exports[`test CartItem renders correctly 1`] = `
<li
  data-projection-id={1}
  style={
    Object {
      "opacity": 0,
      "transform": "translateX(50px) translateZ(0)",
    }
  }
>
  <div
    className="flex rounded-lg border border-border-primary"
  >
    <a
      className="tab hidden h-[108px] w-[110px] shrink-0 items-center justify-center
 rounded-none rounded-l-lg bg-white transition hover:brightness-90 md:flex"
      href="/product/24"
      onClick={[Function]}
    >
      <img
        alt="emilia"
        className="h-full w-full p-4"
        src="emilia.jpg"
      />
    </a>
    <div
      className="flex w-full flex-col justify-between py-2 px-4"
    >
      <div>
        <a
          className="tab overflow-hidden text-ellipsis font-medium text-white/90
 transition duration-300 [display:-webkit-box] [-webkit-line-clamp:1]
 [-webkit-box-orient:vertical] hover:text-white"
          href="/product/24"
          onClick={[Function]}
        >
          emilia
        </a>
        <p
          className="font-bold"
        >
          US$10.00
        </p>
      </div>
      <div
        className="flex flex-wrap justify-between text-sm font-light"
      >
        <div
          className="flex gap-1"
        >
          <p>
            Quantity: 
          </p>
          <input
            className="max-w-[60px] rounded-lg bg-background px-1 transition hover:ring-2 hover:ring-accent
 focus:outline-none focus:ring-2 focus:ring-accent"
            max={10000}
            min={1}
            onChange={[Function]}
            type="number"
            value={1}
          />
        </div>
        <p>
          Total:
           
          <span
            className="font-semibold"
          >
            US$10.00
          </span>
        </p>
      </div>
    </div>
    <div
      className="grid border-l border-border-primary text-sm [&>*]:rounded-none"
    >
      <button
        aria-label="Increase"
        className="!rounded-tr-lg disabled:text-gray-600 disabled:!brightness-100 tab flex select-none items-center justify-center gap-2 rounded-lg
                  bg-transparent py-2 px-3 font-medium transition duration-300 hover:text-primary 
                  active:scale-90 active:duration-150 enabled:hover:bg-accent disabled:cursor-not-allowed
                  disabled:brightness-50"
        disabled={false}
        onClick={[Function]}
        type="button"
      >
        <svg
          fill="currentColor"
          height="1em"
          stroke="currentColor"
          strokeWidth="0"
          style={
            Object {
              "color": undefined,
            }
          }
          viewBox="0 0 24 24"
          width="1em"
          xmlns="http://www.w3.org/2000/svg"
        >
          <path
            d="M0 0h24v24H0z"
            fill="none"
          />
          <path
            d="M19 13h-6v6h-2v-6H5v-2h6V5h2v6h6v2z"
          />
        </svg>
      </button>
      <button
        aria-label="Decrease"
        className="border-y border-border-primary disabled:text-gray-600 disabled:!brightness-100 tab flex select-none items-center justify-center gap-2 rounded-lg
                  bg-transparent py-2 px-3 font-medium transition duration-300 hover:text-primary 
                  active:scale-90 active:duration-150 enabled:hover:bg-accent disabled:cursor-not-allowed
                  disabled:brightness-50"
        disabled={true}
        onClick={[Function]}
        type="button"
      >
        <svg
          fill="currentColor"
          height="1em"
          stroke="currentColor"
          strokeWidth="0"
          style={
            Object {
              "color": undefined,
            }
          }
          viewBox="0 0 24 24"
          width="1em"
          xmlns="http://www.w3.org/2000/svg"
        >
          <path
            d="M0 0h24v24H0z"
            fill="none"
          />
          <path
            d="M19 13H5v-2h14v2z"
          />
        </svg>
      </button>
      <button
        aria-label="Delete"
        className="!rounded-br-lg tab flex select-none items-center justify-center gap-2 rounded-lg
                  bg-transparent py-2 px-3 font-medium transition duration-300 hover:text-primary 
                  active:scale-90 active:duration-150 enabled:hover:bg-accent disabled:cursor-not-allowed
                  disabled:brightness-50"
        type="button"
      >
        <svg
          fill="currentColor"
          height="1em"
          stroke="currentColor"
          strokeWidth="0"
          style={
            Object {
              "color": undefined,
            }
          }
          viewBox="0 0 24 24"
          width="1em"
          xmlns="http://www.w3.org/2000/svg"
        >
          <path
            d="M0 0h24v24H0z"
            fill="none"
          />
          <path
            d="M6 19c0 1.1.9 2 2 2h8c1.1 0 2-.9 2-2V7H6v12zM19 4h-3.5l-1-1h-5l-1 1H5v2h14V4z"
          />
        </svg>
      </button>
    </div>
  </div>
</li>
`;
